2026-09-09 02:09:45 | INFO | 
2026-09-09 02:09:45 | INFO | ============================================================
2026-09-09 02:09:45 | INFO | INICIO DEL EJECUTOR DE SCRAPERS
2026-09-09 02:09:45 | INFO | ============================================================
2026-09-09 02:09:45 | INFO | Scrapers configurados: 2
2026-09-09 02:09:45 | INFO | 
2026-09-09 02:09:45 | INFO | ============================================================
2026-09-09 02:09:45 | INFO | INICIANDO: El Diario
2026-09-09 02:09:45 | INFO | Archivo: guardar_eldiario.py
2026-09-09 02:09:45 | INFO | ============================================================
2026-09-09 02:09:46 | ERROR | FALLO: El Diario | Codigo de salida: 1 | Duracion: 0.42 segundos
2026-09-09 02:09:46 | INFO | 
2026-09-09 02:09:46 | INFO | ============================================================
2026-09-09 02:09:46 | INFO | INICIANDO: La Razón
2026-09-09 02:09:46 | INFO | Archivo: guardar_larazon.py
2026-09-09 02:09:46 | INFO | ============================================================
2026-09-09 02:09:46 | ERROR | FALLO: La Razón | Codigo de salida: 1 | Duracion: 0.63 segundos
2026-09-09 02:09:46 | INFO | 
2026-09-09 02:09:46 | INFO | ============================================================
2026-09-09 02:09:46 | INFO | RESUMEN DE EJECUCION
2026-09-09 02:09:46 | INFO | ============================================================
2026-09-09 02:09:46 | INFO | ERROR | El Diario | guardar_eldiario.py
2026-09-09 02:09:46 | INFO | ERROR | La Razón | guardar_larazon.py
2026-09-09 02:09:46 | INFO | 
2026-09-09 02:09:46 | INFO | Total: 2
2026-09-09 02:09:46 | INFO | Exitosos: 0
2026-09-09 02:09:46 | INFO | Fallidos: 2
2026-09-09 02:09:46 | INFO | Duracion total: 1.05 segundos
2026-09-09 02:09:46 | INFO | ============================================================
2026-09-09 02:09:46 | INFO | FIN DEL EJECUTOR DE SCRAPERS
2026-09-09 02:09:46 | INFO | ============================================================
2026-09-09 02:10:39 | INFO | 
2026-09-09 02:10:39 | INFO | ============================================================
2026-09-09 02:10:39 | INFO | INICIO DEL EJECUTOR DE SCRAPERS
2026-09-09 02:10:39 | INFO | ============================================================
2026-09-09 02:10:39 | INFO | Scrapers configurados: 2
2026-09-09 02:10:39 | INFO | 
2026-09-09 02:10:39 | INFO | ============================================================
2026-09-09 02:10:39 | INFO | INICIANDO: El Diario
2026-09-09 02:10:39 | INFO | Archivo: guardar_eldiario.py
2026-09-09 02:10:39 | INFO | ============================================================
2026-09-09 02:10:48 | INFO | FINALIZADO: El Diario | Duracion: 8.78 segundos
2026-09-09 02:10:48 | INFO | 
2026-09-09 02:10:48 | INFO | ============================================================
2026-09-09 02:10:48 | INFO | INICIANDO: La Razón
2026-09-09 02:10:48 | INFO | Archivo: guardar_larazon.py
2026-09-09 02:10:48 | INFO | ============================================================
2026-09-09 02:11:06 | INFO | FINALIZADO: La Razón | Duracion: 17.40 segundos
2026-09-09 02:11:06 | INFO | 
2026-09-09 02:11:06 | INFO | ============================================================
2026-09-09 02:11:06 | INFO | RESUMEN DE EJECUCION
2026-09-09 02:11:06 | INFO | ============================================================
2026-09-09 02:11:06 | INFO | OK | El Diario | guardar_eldiario.py
2026-09-09 02:11:06 | INFO | OK | La Razón | guardar_larazon.py
2026-09-09 02:11:06 | INFO | 
2026-09-09 02:11:06 | INFO | Total: 2
2026-09-09 02:11:06 | INFO | Exitosos: 2
2026-09-09 02:11:06 | INFO | Fallidos: 0
2026-09-09 02:11:06 | INFO | Duracion total: 26.18 segundos
2026-09-09 02:11:06 | INFO | ============================================================
2026-09-09 02:11:06 | INFO | FIN DEL EJECUTOR DE SCRAPERS
2026-09-09 02:11:06 | INFO | ============================================================
2026-09-09 02:13:00 | INFO | 
2026-09-09 02:13:00 | INFO | ============================================================
2026-09-09 02:13:00 | INFO | INICIO DEL EJECUTOR DE SCRAPERS
2026-09-09 02:13:00 | INFO | ============================================================
2026-09-09 02:13:00 | INFO | Scrapers configurados: 2
2026-09-09 02:13:00 | INFO | 
2026-09-09 02:13:00 | INFO | ============================================================
2026-09-09 02:13:00 | INFO | INICIANDO: El Diario
2026-09-09 02:13:00 | INFO | Archivo: guardar_eldiario.py
2026-09-09 02:13:00 | INFO | ============================================================
2026-09-09 02:13:33 | INFO | FINALIZADO: El Diario | Duracion: 33.13 segundos
2026-09-09 02:13:33 | INFO | 
2026-09-09 02:13:33 | INFO | ============================================================
2026-09-09 02:13:33 | INFO | INICIANDO: La Razón
2026-09-09 02:13:33 | INFO | Archivo: guardar_larazon.py
2026-09-09 02:13:33 | INFO | ============================================================
2026-09-09 02:14:07 | INFO | FINALIZADO: La Razón | Duracion: 33.72 segundos
2026-09-09 02:14:07 | INFO | 
2026-09-09 02:14:07 | INFO | ============================================================
2026-09-09 02:14:07 | INFO | RESUMEN DE EJECUCION
2026-09-09 02:14:07 | INFO | ============================================================
2026-09-09 02:14:07 | INFO | OK | El Diario | guardar_eldiario.py
2026-09-09 02:14:07 | INFO | OK | La Razón | guardar_larazon.py
2026-09-09 02:14:07 | INFO | 
2026-09-09 02:14:07 | INFO | Total: 2
2026-09-09 02:14:07 | INFO | Exitosos: 2
2026-09-09 02:14:07 | INFO | Fallidos: 0
2026-09-09 02:14:07 | INFO | Duracion total: 66.85 segundos
2026-09-09 02:14:07 | INFO | ============================================================
2026-09-09 02:14:07 | INFO | FIN DEL EJECUTOR DE SCRAPERS
2026-09-09 02:14:07 | INFO | ============================================================
