2026-09-09 01:54:56 | INFO | ============================================================
2026-09-09 01:54:56 | INFO | INICIO DE EJECUCION
2026-09-09 01:54:56 | INFO | ============================================================
2026-09-09 01:55:03 | ERROR | EJECUCION FALLIDA | Duracion: 6.60 segundos
Traceback (most recent call last):
  File "D:\cPanel\Scraping_Cloudflare\guardar_larazon.py", line 194, in guardar_noticias
    urls = obtener_urls_noticias(
        limite=LIMITE_URLS
    )
  File "D:\cPanel\Scraping_Cloudflare\sitemap.py", line 135, in obtener_urls_noticias
    sitemaps = obtener_sitemaps_posts()
  File "D:\cPanel\Scraping_Cloudflare\sitemap.py", line 29, in obtener_sitemaps_posts
    soup = BeautifulSoup(
        response.text,
        "xml"
    )
  File "C:\Users\alex\AppData\Roaming\Python\Python313\site-packages\bs4\__init__.py", line 366, in __init__
    raise FeatureNotFound(
    ...<3 lines>...
    )
bs4.exceptions.FeatureNotFound: Couldn't find a tree builder with the features you requested: xml. Do you need to install a parser library?
2026-09-09 01:56:13 | INFO | ============================================================
2026-09-09 01:56:13 | INFO | INICIO DE EJECUCION
2026-09-09 01:56:13 | INFO | ============================================================
2026-09-09 01:56:19 | ERROR | EJECUCION FALLIDA | Duracion: 6.38 segundos
Traceback (most recent call last):
  File "D:\cPanel\Scraping_Cloudflare\guardar_larazon.py", line 194, in guardar_noticias
    urls = obtener_urls_noticias(
        limite=LIMITE_URLS
    )
  File "D:\cPanel\Scraping_Cloudflare\sitemap.py", line 135, in obtener_urls_noticias
    sitemaps = obtener_sitemaps_posts()
  File "D:\cPanel\Scraping_Cloudflare\sitemap.py", line 29, in obtener_sitemaps_posts
    soup = BeautifulSoup(
        response.text,
        "xml"
    )
  File "C:\Users\alex\AppData\Roaming\Python\Python313\site-packages\bs4\__init__.py", line 366, in __init__
    raise FeatureNotFound(
    ...<3 lines>...
    )
bs4.exceptions.FeatureNotFound: Couldn't find a tree builder with the features you requested: xml. Do you need to install a parser library?
2026-09-09 01:57:32 | INFO | ============================================================
2026-09-09 01:57:32 | INFO | INICIO DE EJECUCION
2026-09-09 01:57:32 | INFO | ============================================================
2026-09-09 01:57:47 | INFO | Noticias encontradas: 20
2026-09-09 01:57:47 | INFO | Noticias ya existentes: 0
2026-09-09 01:57:47 | INFO | Noticias nuevas: 20
2026-09-09 01:57:47 | INFO | Procesando 1/20: https://larazon.bo/opinion/columnistas/2026/09/09/la-democracia-esta-fria-vieja-y-cansada/
2026-09-09 01:57:48 | INFO | NOTICIA GUARDADA: https://larazon.bo/opinion/columnistas/2026/09/09/la-democracia-esta-fria-vieja-y-cansada/
2026-09-09 01:57:48 | INFO | Procesamiento completado | Noticia 1/20 | Tiempo: 0.89 segundos
2026-09-09 01:57:48 | INFO | Procesando 2/20: https://larazon.bo/opinion/columnistas/2026/09/09/la-regla-que-sobrevive-al-mandato/
2026-09-09 01:57:49 | INFO | NOTICIA GUARDADA: https://larazon.bo/opinion/columnistas/2026/09/09/la-regla-que-sobrevive-al-mandato/
2026-09-09 01:57:49 | INFO | Procesamiento completado | Noticia 2/20 | Tiempo: 0.86 segundos
2026-09-09 01:57:49 | INFO | Procesando 3/20: https://larazon.bo/economia-y-empresa/2026/09/08/bcb-ofertara-dolares-a-bancos-para-contener-la-volatilidad-cambiaria/
2026-09-09 01:57:50 | INFO | NOTICIA GUARDADA: https://larazon.bo/economia-y-empresa/2026/09/08/bcb-ofertara-dolares-a-bancos-para-contener-la-volatilidad-cambiaria/
2026-09-09 01:57:50 | INFO | Procesamiento completado | Noticia 3/20 | Tiempo: 0.88 segundos
2026-09-09 01:57:50 | INFO | Procesando 4/20: https://larazon.bo/opinion/columnistas/2026/09/09/el-dia-en-que-bolivia-dejo-de-mentirse/
2026-09-09 01:57:50 | INFO | NOTICIA GUARDADA: https://larazon.bo/opinion/columnistas/2026/09/09/el-dia-en-que-bolivia-dejo-de-mentirse/
2026-09-09 01:57:50 | INFO | Procesamiento completado | Noticia 4/20 | Tiempo: 0.86 segundos
2026-09-09 01:57:50 | INFO | Procesando 5/20: https://larazon.bo/marcas/2026/09/08/vasco-da-gama-empata-en-bogota-ante-independiente-santa-fe/
2026-09-09 01:57:51 | INFO | NOTICIA GUARDADA: https://larazon.bo/marcas/2026/09/08/vasco-da-gama-empata-en-bogota-ante-independiente-santa-fe/
2026-09-09 01:57:51 | INFO | Procesamiento completado | Noticia 5/20 | Tiempo: 0.96 segundos
2026-09-09 01:57:51 | INFO | Procesando 6/20: https://larazon.bo/marcas/2026/09/08/boca-vence-1-0-a-sao-paulo-en-tenso-duelo-de-cuartos/
2026-09-09 01:57:52 | INFO | NOTICIA GUARDADA: https://larazon.bo/marcas/2026/09/08/boca-vence-1-0-a-sao-paulo-en-tenso-duelo-de-cuartos/
2026-09-09 01:57:52 | INFO | Procesamiento completado | Noticia 6/20 | Tiempo: 0.84 segundos
2026-09-09 01:57:52 | INFO | Procesando 7/20: https://larazon.bo/marcas/2026/09/08/hulk-pone-a-fluminense-a-las-puertas-de-las-semifinales/
2026-09-09 01:57:53 | INFO | NOTICIA GUARDADA: https://larazon.bo/marcas/2026/09/08/hulk-pone-a-fluminense-a-las-puertas-de-las-semifinales/
2026-09-09 01:57:53 | INFO | Procesamiento completado | Noticia 7/20 | Tiempo: 0.86 segundos
2026-09-09 01:57:53 | INFO | Procesando 8/20: https://larazon.bo/marcas/2026/09/08/oriente-petrolero-resiste-con-diez-y-manda-en-el-grupo-c/
2026-09-09 01:57:54 | INFO | NOTICIA GUARDADA: https://larazon.bo/marcas/2026/09/08/oriente-petrolero-resiste-con-diez-y-manda-en-el-grupo-c/
2026-09-09 01:57:54 | INFO | Procesamiento completado | Noticia 8/20 | Tiempo: 0.87 segundos
2026-09-09 01:57:54 | INFO | Procesando 9/20: https://larazon.bo/economia-y-empresa/2026/09/08/ylb-y-duke-university-avanzan-en-estudios-para-conocer-potencial-de-salares-bolivianos/
2026-09-09 01:57:55 | INFO | NOTICIA GUARDADA: https://larazon.bo/economia-y-empresa/2026/09/08/ylb-y-duke-university-avanzan-en-estudios-para-conocer-potencial-de-salares-bolivianos/
2026-09-09 01:57:55 | INFO | Procesamiento completado | Noticia 9/20 | Tiempo: 0.93 segundos
2026-09-09 01:57:55 | INFO | Procesando 10/20: https://larazon.bo/economia-y-empresa/2026/09/08/ypfb-detecta-rezago-de-6-millones-de-litros-y-cambia-asignacion/
2026-09-09 01:57:56 | INFO | NOTICIA GUARDADA: https://larazon.bo/economia-y-empresa/2026/09/08/ypfb-detecta-rezago-de-6-millones-de-litros-y-cambia-asignacion/
2026-09-09 01:57:56 | INFO | Procesamiento completado | Noticia 10/20 | Tiempo: 0.92 segundos
2026-09-09 01:57:56 | INFO | Procesando 11/20: https://larazon.bo/nacional/2026/09/08/bolivia-presenta-nueva-politica-antidroga-ante-avance-del-crimen-organizado/
2026-09-09 01:57:57 | INFO | NOTICIA GUARDADA: https://larazon.bo/nacional/2026/09/08/bolivia-presenta-nueva-politica-antidroga-ante-avance-del-crimen-organizado/
2026-09-09 01:57:57 | INFO | Procesamiento completado | Noticia 11/20 | Tiempo: 0.87 segundos
2026-09-09 01:57:57 | INFO | Procesando 12/20: https://larazon.bo/ciudades/2026/09/08/gobernacion-dispone-maquinaria-para-remocion-de-escombros-en-tras-explosiones-en-viacha/
2026-09-09 01:57:58 | INFO | NOTICIA GUARDADA: https://larazon.bo/ciudades/2026/09/08/gobernacion-dispone-maquinaria-para-remocion-de-escombros-en-tras-explosiones-en-viacha/
2026-09-09 01:57:58 | INFO | Procesamiento completado | Noticia 12/20 | Tiempo: 0.92 segundos
2026-09-09 01:57:58 | INFO | Procesando 13/20: https://larazon.bo/nacional/2026/09/08/alp-suspende-interpelaciones-y-prioriza-leyes-para-atender-a-viacha/
2026-09-09 01:57:59 | INFO | NOTICIA GUARDADA: https://larazon.bo/nacional/2026/09/08/alp-suspende-interpelaciones-y-prioriza-leyes-para-atender-a-viacha/
2026-09-09 01:57:59 | INFO | Procesamiento completado | Noticia 13/20 | Tiempo: 1.04 segundos
2026-09-09 01:57:59 | INFO | Procesando 14/20: https://larazon.bo/sociedad/2026/09/08/la-alcaldia-de-la-paz-se-une-a-campana-de-cirugias-gratuitas-de-mano/
2026-09-09 01:57:59 | INFO | NOTICIA GUARDADA: https://larazon.bo/sociedad/2026/09/08/la-alcaldia-de-la-paz-se-une-a-campana-de-cirugias-gratuitas-de-mano/
2026-09-09 01:57:59 | INFO | Procesamiento completado | Noticia 14/20 | Tiempo: 0.87 segundos
2026-09-09 01:57:59 | INFO | Procesando 15/20: https://larazon.bo/nacional/2026/09/08/defensa-teme-por-la-vida-de-cerimedo-y-gobierno-anuncia-aislamiento/
2026-09-09 01:58:00 | INFO | NOTICIA GUARDADA: https://larazon.bo/nacional/2026/09/08/defensa-teme-por-la-vida-de-cerimedo-y-gobierno-anuncia-aislamiento/
2026-09-09 01:58:00 | INFO | Procesamiento completado | Noticia 15/20 | Tiempo: 0.87 segundos
2026-09-09 01:58:00 | INFO | Procesando 16/20: https://larazon.bo/marcas/2026/09/08/el-betis-remonta-y-se-lleva-de-lille-una-victoria-que-vale-oro/
2026-09-09 01:58:01 | INFO | NOTICIA GUARDADA: https://larazon.bo/marcas/2026/09/08/el-betis-remonta-y-se-lleva-de-lille-una-victoria-que-vale-oro/
2026-09-09 01:58:01 | INFO | Procesamiento completado | Noticia 16/20 | Tiempo: 0.87 segundos
2026-09-09 01:58:01 | INFO | Procesando 17/20: https://larazon.bo/economia-y-empresa/2026/09/08/bcb-inmovilizara-el-3-de-depositos-en-bolivianos-durante-6-meses/
2026-09-09 01:58:02 | INFO | NOTICIA GUARDADA: https://larazon.bo/economia-y-empresa/2026/09/08/bcb-inmovilizara-el-3-de-depositos-en-bolivianos-durante-6-meses/
2026-09-09 01:58:02 | INFO | Procesamiento completado | Noticia 17/20 | Tiempo: 0.84 segundos
2026-09-09 01:58:02 | INFO | Procesando 18/20: https://larazon.bo/nacional/2026/09/08/senado-exhorta-al-gobierno-a-reparar-a-victimas-de-viacha/
2026-09-09 01:58:03 | INFO | NOTICIA GUARDADA: https://larazon.bo/nacional/2026/09/08/senado-exhorta-al-gobierno-a-reparar-a-victimas-de-viacha/
2026-09-09 01:58:03 | INFO | Procesamiento completado | Noticia 18/20 | Tiempo: 0.85 segundos
2026-09-09 01:58:03 | INFO | Procesando 19/20: https://larazon.bo/marcas/2026/09/08/city-arranca-en-la-champions-con-doblete-de-haaland-y-victoria/
2026-09-09 01:58:04 | INFO | NOTICIA GUARDADA: https://larazon.bo/marcas/2026/09/08/city-arranca-en-la-champions-con-doblete-de-haaland-y-victoria/
2026-09-09 01:58:04 | INFO | Procesamiento completado | Noticia 19/20 | Tiempo: 0.85 segundos
2026-09-09 01:58:04 | INFO | Procesando 20/20: https://larazon.bo/sociedad/2026/09/08/sedes-acerca-la-digitalizacion-del-carnet-sanitario-a-las-cabanas-del-rio-pirai/
2026-09-09 01:58:05 | INFO | NOTICIA GUARDADA: https://larazon.bo/sociedad/2026/09/08/sedes-acerca-la-digitalizacion-del-carnet-sanitario-a-las-cabanas-del-rio-pirai/
2026-09-09 01:58:05 | INFO | Procesamiento completado | Noticia 20/20 | Tiempo: 0.86 segundos
2026-09-09 01:58:05 | INFO | Noticias nuevas: 20
2026-09-09 01:58:05 | INFO | Errores: 0
2026-09-09 01:58:05 | INFO | Total en JSON: 100
2026-09-09 01:58:05 | INFO | Límite máximo: 100
2026-09-09 01:58:05 | INFO | Archivo: data/larazon/noticias.json
2026-09-09 01:58:05 | INFO | EJECUCION COMPLETADA | Duracion: 32.61 segundos
2026-09-09 01:58:05 | INFO | ============================================================
2026-09-09 01:59:54 | INFO | ============================================================
2026-09-09 01:59:54 | INFO | INICIO DE EJECUCION
2026-09-09 01:59:54 | INFO | ============================================================
2026-09-09 02:00:09 | INFO | Noticias encontradas: 20
2026-09-09 02:00:09 | INFO | Noticias ya existentes: 20
2026-09-09 02:00:09 | INFO | Noticias nuevas: 0
2026-09-09 02:00:09 | INFO | Noticias nuevas: 0
2026-09-09 02:00:09 | INFO | Errores: 0
2026-09-09 02:00:09 | INFO | Total en JSON: 100
2026-09-09 02:00:09 | INFO | Límite máximo: 100
2026-09-09 02:00:09 | INFO | Archivo: data/larazon/noticias.json
2026-09-09 02:00:09 | INFO | EJECUCION COMPLETADA | Duracion: 15.00 segundos
2026-09-09 02:00:09 | INFO | ============================================================
2026-09-09 02:07:22 | INFO | ============================================================
2026-09-09 02:07:22 | INFO | INICIO DE EJECUCION
2026-09-09 02:07:22 | INFO | ============================================================
2026-09-09 02:07:37 | INFO | Noticias encontradas: 20
2026-09-09 02:07:37 | INFO | Noticias ya existentes: 20
2026-09-09 02:07:37 | INFO | Noticias nuevas: 0
2026-09-09 02:07:37 | INFO | Noticias nuevas: 0
2026-09-09 02:07:37 | INFO | Errores: 0
2026-09-09 02:07:37 | INFO | Total en JSON: 100
2026-09-09 02:07:37 | INFO | Límite máximo: 100
2026-09-09 02:07:37 | INFO | Archivo: data/larazon/noticias.json
2026-09-09 02:07:37 | INFO | EJECUCION COMPLETADA | Duracion: 15.26 segundos
2026-09-09 02:07:37 | INFO | ============================================================
2026-09-09 02:09:46 | INFO | ============================================================
2026-09-09 02:09:46 | INFO | INICIO DE EJECUCION
2026-09-09 02:09:46 | INFO | ============================================================
2026-09-09 02:09:46 | ERROR | EJECUCION FALLIDA | Duracion: 0.00 segundos
Traceback (most recent call last):
  File "D:\cPanel\Scraping_Cloudflare\guardar_larazon.py", line 66, in cargar_noticias
    datos = json.load(archivo)
  File "C:\Python313\Lib\json\__init__.py", line 293, in load
    return loads(fp.read(),
        cls=cls, object_hook=object_hook,
        parse_float=parse_float, parse_int=parse_int,
        parse_constant=parse_constant, object_pairs_hook=object_pairs_hook, **kw)
  File "C:\Python313\Lib\json\__init__.py", line 346, in loads
    return _default_decoder.decode(s)
           ~~~~~~~~~~~~~~~~~~~~~~~^^^
  File "C:\Python313\Lib\json\decoder.py", line 345, in decode
    obj, end = self.raw_decode(s, idx=_w(s, 0).end())
               ~~~~~~~~~~~~~~~^^^^^^^^^^^^^^^^^^^^^^^
  File "C:\Python313\Lib\json\decoder.py", line 363, in raw_decode
    raise JSONDecodeError("Expecting value", s, err.value) from None
json.decoder.JSONDecodeError: Expecting value: line 1 column 1 (char 0)

During handling of the above exception, another exception occurred:

Traceback (most recent call last):
  File "D:\cPanel\Scraping_Cloudflare\guardar_larazon.py", line 182, in guardar_noticias
    noticias_existentes = cargar_noticias()
  File "D:\cPanel\Scraping_Cloudflare\guardar_larazon.py", line 70, in cargar_noticias
    raise Exception(
        f"El archivo JSON está corrupto: {e}"
    )
Exception: El archivo JSON está corrupto: Expecting value: line 1 column 1 (char 0)
2026-09-09 02:10:49 | INFO | ============================================================
2026-09-09 02:10:49 | INFO | INICIO DE EJECUCION
2026-09-09 02:10:49 | INFO | ============================================================
2026-09-09 02:11:06 | INFO | Noticias encontradas: 20
2026-09-09 02:11:06 | INFO | Noticias ya existentes: 20
2026-09-09 02:11:06 | INFO | Noticias nuevas: 0
2026-09-09 02:11:06 | INFO | Noticias nuevas: 0
2026-09-09 02:11:06 | INFO | Errores: 0
2026-09-09 02:11:06 | INFO | Total en JSON: 100
2026-09-09 02:11:06 | INFO | Límite máximo: 100
2026-09-09 02:11:06 | INFO | Archivo: data/larazon/noticias.json
2026-09-09 02:11:06 | INFO | EJECUCION COMPLETADA | Duracion: 16.79 segundos
2026-09-09 02:11:06 | INFO | ============================================================
2026-09-09 02:13:34 | INFO | ============================================================
2026-09-09 02:13:34 | INFO | INICIO DE EJECUCION
2026-09-09 02:13:34 | INFO | ============================================================
2026-09-09 02:13:49 | INFO | Noticias encontradas: 20
2026-09-09 02:13:49 | INFO | Noticias ya existentes: 0
2026-09-09 02:13:49 | INFO | Noticias nuevas: 20
2026-09-09 02:13:49 | INFO | Procesando 1/20: https://larazon.bo/opinion/columnistas/2026/09/09/la-democracia-esta-fria-vieja-y-cansada/
2026-09-09 02:13:50 | INFO | NOTICIA GUARDADA: https://larazon.bo/opinion/columnistas/2026/09/09/la-democracia-esta-fria-vieja-y-cansada/
2026-09-09 02:13:50 | INFO | Procesamiento completado | Noticia 1/20 | Tiempo: 0.88 segundos
2026-09-09 02:13:50 | INFO | Procesando 2/20: https://larazon.bo/opinion/columnistas/2026/09/09/la-regla-que-sobrevive-al-mandato/
2026-09-09 02:13:51 | INFO | NOTICIA GUARDADA: https://larazon.bo/opinion/columnistas/2026/09/09/la-regla-que-sobrevive-al-mandato/
2026-09-09 02:13:51 | INFO | Procesamiento completado | Noticia 2/20 | Tiempo: 0.90 segundos
2026-09-09 02:13:51 | INFO | Procesando 3/20: https://larazon.bo/economia-y-empresa/2026/09/08/bcb-ofertara-dolares-a-bancos-para-contener-la-volatilidad-cambiaria/
2026-09-09 02:13:52 | INFO | NOTICIA GUARDADA: https://larazon.bo/economia-y-empresa/2026/09/08/bcb-ofertara-dolares-a-bancos-para-contener-la-volatilidad-cambiaria/
2026-09-09 02:13:52 | INFO | Procesamiento completado | Noticia 3/20 | Tiempo: 0.89 segundos
2026-09-09 02:13:52 | INFO | Procesando 4/20: https://larazon.bo/opinion/columnistas/2026/09/09/el-dia-en-que-bolivia-dejo-de-mentirse/
2026-09-09 02:13:53 | INFO | NOTICIA GUARDADA: https://larazon.bo/opinion/columnistas/2026/09/09/el-dia-en-que-bolivia-dejo-de-mentirse/
2026-09-09 02:13:53 | INFO | Procesamiento completado | Noticia 4/20 | Tiempo: 0.85 segundos
2026-09-09 02:13:53 | INFO | Procesando 5/20: https://larazon.bo/marcas/2026/09/08/vasco-da-gama-empata-en-bogota-ante-independiente-santa-fe/
2026-09-09 02:13:54 | INFO | NOTICIA GUARDADA: https://larazon.bo/marcas/2026/09/08/vasco-da-gama-empata-en-bogota-ante-independiente-santa-fe/
2026-09-09 02:13:54 | INFO | Procesamiento completado | Noticia 5/20 | Tiempo: 0.93 segundos
2026-09-09 02:13:54 | INFO | Procesando 6/20: https://larazon.bo/marcas/2026/09/08/boca-vence-1-0-a-sao-paulo-en-tenso-duelo-de-cuartos/
2026-09-09 02:13:54 | INFO | NOTICIA GUARDADA: https://larazon.bo/marcas/2026/09/08/boca-vence-1-0-a-sao-paulo-en-tenso-duelo-de-cuartos/
2026-09-09 02:13:54 | INFO | Procesamiento completado | Noticia 6/20 | Tiempo: 0.89 segundos
2026-09-09 02:13:54 | INFO | Procesando 7/20: https://larazon.bo/marcas/2026/09/08/hulk-pone-a-fluminense-a-las-puertas-de-las-semifinales/
2026-09-09 02:13:55 | INFO | NOTICIA GUARDADA: https://larazon.bo/marcas/2026/09/08/hulk-pone-a-fluminense-a-las-puertas-de-las-semifinales/
2026-09-09 02:13:55 | INFO | Procesamiento completado | Noticia 7/20 | Tiempo: 0.88 segundos
2026-09-09 02:13:55 | INFO | Procesando 8/20: https://larazon.bo/marcas/2026/09/08/oriente-petrolero-resiste-con-diez-y-manda-en-el-grupo-c/
2026-09-09 02:13:56 | INFO | NOTICIA GUARDADA: https://larazon.bo/marcas/2026/09/08/oriente-petrolero-resiste-con-diez-y-manda-en-el-grupo-c/
2026-09-09 02:13:56 | INFO | Procesamiento completado | Noticia 8/20 | Tiempo: 0.85 segundos
2026-09-09 02:13:56 | INFO | Procesando 9/20: https://larazon.bo/economia-y-empresa/2026/09/08/ylb-y-duke-university-avanzan-en-estudios-para-conocer-potencial-de-salares-bolivianos/
2026-09-09 02:13:57 | INFO | NOTICIA GUARDADA: https://larazon.bo/economia-y-empresa/2026/09/08/ylb-y-duke-university-avanzan-en-estudios-para-conocer-potencial-de-salares-bolivianos/
2026-09-09 02:13:57 | INFO | Procesamiento completado | Noticia 9/20 | Tiempo: 0.89 segundos
2026-09-09 02:13:57 | INFO | Procesando 10/20: https://larazon.bo/economia-y-empresa/2026/09/08/ypfb-detecta-rezago-de-6-millones-de-litros-y-cambia-asignacion/
2026-09-09 02:13:58 | INFO | NOTICIA GUARDADA: https://larazon.bo/economia-y-empresa/2026/09/08/ypfb-detecta-rezago-de-6-millones-de-litros-y-cambia-asignacion/
2026-09-09 02:13:58 | INFO | Procesamiento completado | Noticia 10/20 | Tiempo: 0.87 segundos
2026-09-09 02:13:58 | INFO | Procesando 11/20: https://larazon.bo/nacional/2026/09/08/bolivia-presenta-nueva-politica-antidroga-ante-avance-del-crimen-organizado/
2026-09-09 02:13:59 | INFO | NOTICIA GUARDADA: https://larazon.bo/nacional/2026/09/08/bolivia-presenta-nueva-politica-antidroga-ante-avance-del-crimen-organizado/
2026-09-09 02:13:59 | INFO | Procesamiento completado | Noticia 11/20 | Tiempo: 0.88 segundos
2026-09-09 02:13:59 | INFO | Procesando 12/20: https://larazon.bo/ciudades/2026/09/08/gobernacion-dispone-maquinaria-para-remocion-de-escombros-en-tras-explosiones-en-viacha/
2026-09-09 02:14:00 | INFO | NOTICIA GUARDADA: https://larazon.bo/ciudades/2026/09/08/gobernacion-dispone-maquinaria-para-remocion-de-escombros-en-tras-explosiones-en-viacha/
2026-09-09 02:14:00 | INFO | Procesamiento completado | Noticia 12/20 | Tiempo: 0.88 segundos
2026-09-09 02:14:00 | INFO | Procesando 13/20: https://larazon.bo/nacional/2026/09/08/alp-suspende-interpelaciones-y-prioriza-leyes-para-atender-a-viacha/
2026-09-09 02:14:01 | INFO | NOTICIA GUARDADA: https://larazon.bo/nacional/2026/09/08/alp-suspende-interpelaciones-y-prioriza-leyes-para-atender-a-viacha/
2026-09-09 02:14:01 | INFO | Procesamiento completado | Noticia 13/20 | Tiempo: 0.94 segundos
2026-09-09 02:14:01 | INFO | Procesando 14/20: https://larazon.bo/sociedad/2026/09/08/la-alcaldia-de-la-paz-se-une-a-campana-de-cirugias-gratuitas-de-mano/
2026-09-09 02:14:01 | INFO | NOTICIA GUARDADA: https://larazon.bo/sociedad/2026/09/08/la-alcaldia-de-la-paz-se-une-a-campana-de-cirugias-gratuitas-de-mano/
2026-09-09 02:14:01 | INFO | Procesamiento completado | Noticia 14/20 | Tiempo: 0.88 segundos
2026-09-09 02:14:01 | INFO | Procesando 15/20: https://larazon.bo/nacional/2026/09/08/defensa-teme-por-la-vida-de-cerimedo-y-gobierno-anuncia-aislamiento/
2026-09-09 02:14:02 | INFO | NOTICIA GUARDADA: https://larazon.bo/nacional/2026/09/08/defensa-teme-por-la-vida-de-cerimedo-y-gobierno-anuncia-aislamiento/
2026-09-09 02:14:02 | INFO | Procesamiento completado | Noticia 15/20 | Tiempo: 0.87 segundos
2026-09-09 02:14:02 | INFO | Procesando 16/20: https://larazon.bo/marcas/2026/09/08/el-betis-remonta-y-se-lleva-de-lille-una-victoria-que-vale-oro/
2026-09-09 02:14:03 | INFO | NOTICIA GUARDADA: https://larazon.bo/marcas/2026/09/08/el-betis-remonta-y-se-lleva-de-lille-una-victoria-que-vale-oro/
2026-09-09 02:14:03 | INFO | Procesamiento completado | Noticia 16/20 | Tiempo: 0.87 segundos
2026-09-09 02:14:03 | INFO | Procesando 17/20: https://larazon.bo/economia-y-empresa/2026/09/08/bcb-inmovilizara-el-3-de-depositos-en-bolivianos-durante-6-meses/
2026-09-09 02:14:04 | INFO | NOTICIA GUARDADA: https://larazon.bo/economia-y-empresa/2026/09/08/bcb-inmovilizara-el-3-de-depositos-en-bolivianos-durante-6-meses/
2026-09-09 02:14:04 | INFO | Procesamiento completado | Noticia 17/20 | Tiempo: 0.91 segundos
2026-09-09 02:14:04 | INFO | Procesando 18/20: https://larazon.bo/nacional/2026/09/08/senado-exhorta-al-gobierno-a-reparar-a-victimas-de-viacha/
2026-09-09 02:14:05 | INFO | NOTICIA GUARDADA: https://larazon.bo/nacional/2026/09/08/senado-exhorta-al-gobierno-a-reparar-a-victimas-de-viacha/
2026-09-09 02:14:05 | INFO | Procesamiento completado | Noticia 18/20 | Tiempo: 0.90 segundos
2026-09-09 02:14:05 | INFO | Procesando 19/20: https://larazon.bo/marcas/2026/09/08/city-arranca-en-la-champions-con-doblete-de-haaland-y-victoria/
2026-09-09 02:14:06 | INFO | NOTICIA GUARDADA: https://larazon.bo/marcas/2026/09/08/city-arranca-en-la-champions-con-doblete-de-haaland-y-victoria/
2026-09-09 02:14:06 | INFO | Procesamiento completado | Noticia 19/20 | Tiempo: 0.91 segundos
2026-09-09 02:14:06 | INFO | Procesando 20/20: https://larazon.bo/sociedad/2026/09/08/sedes-acerca-la-digitalizacion-del-carnet-sanitario-a-las-cabanas-del-rio-pirai/
2026-09-09 02:14:07 | INFO | NOTICIA GUARDADA: https://larazon.bo/sociedad/2026/09/08/sedes-acerca-la-digitalizacion-del-carnet-sanitario-a-las-cabanas-del-rio-pirai/
2026-09-09 02:14:07 | INFO | Procesamiento completado | Noticia 20/20 | Tiempo: 0.87 segundos
2026-09-09 02:14:07 | INFO | Noticias nuevas: 20
2026-09-09 02:14:07 | INFO | Errores: 0
2026-09-09 02:14:07 | INFO | Total en JSON: 20
2026-09-09 02:14:07 | INFO | Límite máximo: 100
2026-09-09 02:14:07 | INFO | Archivo: data/larazon/noticias.json
2026-09-09 02:14:07 | INFO | EJECUCION COMPLETADA | Duracion: 33.05 segundos
2026-09-09 02:14:07 | INFO | ============================================================
2026-09-09 21:45:51 | INFO | ============================================================
2026-09-09 21:45:51 | INFO | INICIO DE EJECUCION
2026-09-09 21:45:51 | INFO | ============================================================
2026-09-09 21:46:08 | INFO | Noticias encontradas: 20
2026-09-09 21:46:08 | INFO | Noticias ya existentes: 0
2026-09-09 21:46:08 | INFO | Noticias nuevas: 20
2026-09-09 21:46:08 | INFO | Procesando 1/20: https://larazon.bo/marcas/2026/09/09/el-tigre-vence-y-lidera-el-c-tras-triunfo-ante-fcu/
2026-09-09 21:46:09 | INFO | NOTICIA GUARDADA: https://larazon.bo/marcas/2026/09/09/el-tigre-vence-y-lidera-el-c-tras-triunfo-ante-fcu/
2026-09-09 21:46:09 | INFO | Procesamiento completado | Noticia 1/20 | Tiempo: 0.87 segundos
2026-09-09 21:46:09 | INFO | Procesando 2/20: https://larazon.bo/ciudades/2026/09/09/santa-cruz-endurece-su-exigencia-por-combustibles-y-da-plazo-hasta-el-10-de-octubre/
2026-09-09 21:46:10 | INFO | NOTICIA GUARDADA: https://larazon.bo/ciudades/2026/09/09/santa-cruz-endurece-su-exigencia-por-combustibles-y-da-plazo-hasta-el-10-de-octubre/
2026-09-09 21:46:10 | INFO | Procesamiento completado | Noticia 2/20 | Tiempo: 0.81 segundos
2026-09-09 21:46:10 | INFO | Procesando 3/20: https://larazon.bo/nacional/2026/09/09/gobierno-crea-secretaria-privada-de-la-presidencia-y-designa-a-cespedes/
2026-09-09 21:46:11 | INFO | NOTICIA GUARDADA: https://larazon.bo/nacional/2026/09/09/gobierno-crea-secretaria-privada-de-la-presidencia-y-designa-a-cespedes/
2026-09-09 21:46:11 | INFO | Procesamiento completado | Noticia 3/20 | Tiempo: 0.82 segundos
2026-09-09 21:46:11 | INFO | Procesando 4/20: https://larazon.bo/sociales/2026/09/09/brasil-celebro-el-aniversario-de-su-fundacion/
2026-09-09 21:46:12 | INFO | NOTICIA GUARDADA: https://larazon.bo/sociales/2026/09/09/brasil-celebro-el-aniversario-de-su-fundacion/
2026-09-09 21:46:12 | INFO | Procesamiento completado | Noticia 4/20 | Tiempo: 0.86 segundos
2026-09-09 21:46:12 | INFO | Procesando 5/20: https://larazon.bo/ciudades/2026/09/09/gobernacion-logra-levantar-el-bloqueo-en-colpa-belgica-y-compromete-obras-de-defensivos/
2026-09-09 21:46:13 | INFO | NOTICIA GUARDADA: https://larazon.bo/ciudades/2026/09/09/gobernacion-logra-levantar-el-bloqueo-en-colpa-belgica-y-compromete-obras-de-defensivos/
2026-09-09 21:46:13 | INFO | Procesamiento completado | Noticia 5/20 | Tiempo: 0.96 segundos
2026-09-09 21:46:13 | INFO | Procesando 6/20: https://larazon.bo/sociales/2026/09/09/una-recepcion-para-el-mato-a-un-policia-motorizado/
2026-09-09 21:46:14 | INFO | NOTICIA GUARDADA: https://larazon.bo/sociales/2026/09/09/una-recepcion-para-el-mato-a-un-policia-motorizado/
2026-09-09 21:46:14 | INFO | Procesamiento completado | Noticia 6/20 | Tiempo: 0.84 segundos
2026-09-09 21:46:14 | INFO | Procesando 7/20: https://larazon.bo/ciudades/2026/09/09/velasco-plantea-liberar-de-iva-e-it-la-importacion-de-combustibles/
2026-09-09 21:46:14 | INFO | NOTICIA GUARDADA: https://larazon.bo/ciudades/2026/09/09/velasco-plantea-liberar-de-iva-e-it-la-importacion-de-combustibles/
2026-09-09 21:46:14 | INFO | Procesamiento completado | Noticia 7/20 | Tiempo: 0.81 segundos
2026-09-09 21:46:14 | INFO | Procesando 8/20: https://larazon.bo/sociedad/2026/09/09/sucre-clausuran-hogar-de-adultos-mayores-que-operaba-sin-cumplir-estandares/
2026-09-09 21:46:15 | INFO | NOTICIA GUARDADA: https://larazon.bo/sociedad/2026/09/09/sucre-clausuran-hogar-de-adultos-mayores-que-operaba-sin-cumplir-estandares/
2026-09-09 21:46:15 | INFO | Procesamiento completado | Noticia 8/20 | Tiempo: 0.85 segundos
2026-09-09 21:46:15 | INFO | Procesando 9/20: https://larazon.bo/lr-article/2026/09/09/unodc-senala-que-bolivia-concentra-el-15-de-la-cocaina-andina/
2026-09-09 21:46:16 | INFO | NOTICIA GUARDADA: https://larazon.bo/lr-article/2026/09/09/unodc-senala-que-bolivia-concentra-el-15-de-la-cocaina-andina/
2026-09-09 21:46:16 | INFO | Procesamiento completado | Noticia 9/20 | Tiempo: 0.85 segundos
2026-09-09 21:46:16 | INFO | Procesando 10/20: https://larazon.bo/ciudades/2026/09/09/la-paz-la-alcaldia-instalara-reductores-de-velocidad-en-la-avenida-del-poeta/
2026-09-09 21:46:17 | INFO | NOTICIA GUARDADA: https://larazon.bo/ciudades/2026/09/09/la-paz-la-alcaldia-instalara-reductores-de-velocidad-en-la-avenida-del-poeta/
2026-09-09 21:46:17 | INFO | Procesamiento completado | Noticia 10/20 | Tiempo: 0.85 segundos
2026-09-09 21:46:17 | INFO | Procesando 11/20: https://larazon.bo/nacional/2026/09/09/tse-el-acoso-y-la-violencia-politica-obligo-a-dimitir-a-10-mujeres-electas/
2026-09-09 21:46:18 | INFO | NOTICIA GUARDADA: https://larazon.bo/nacional/2026/09/09/tse-el-acoso-y-la-violencia-politica-obligo-a-dimitir-a-10-mujeres-electas/
2026-09-09 21:46:18 | INFO | Procesamiento completado | Noticia 11/20 | Tiempo: 0.97 segundos
2026-09-09 21:46:18 | INFO | Procesando 12/20: https://larazon.bo/nacional/2026/09/09/reforma-judicial-plantea-nuevo-modelo-para-elegir-magistrados/
2026-09-09 21:46:19 | INFO | NOTICIA GUARDADA: https://larazon.bo/nacional/2026/09/09/reforma-judicial-plantea-nuevo-modelo-para-elegir-magistrados/
2026-09-09 21:46:19 | INFO | Procesamiento completado | Noticia 12/20 | Tiempo: 0.84 segundos
2026-09-09 21:46:19 | INFO | Procesando 13/20: https://larazon.bo/sociedad/2026/09/09/gobernacion-suma-aliados-para-ayudar-a-adolescentes-en-situacion-de-vulnerabilidad/
2026-09-09 21:46:20 | INFO | NOTICIA GUARDADA: https://larazon.bo/sociedad/2026/09/09/gobernacion-suma-aliados-para-ayudar-a-adolescentes-en-situacion-de-vulnerabilidad/
2026-09-09 21:46:20 | INFO | Procesamiento completado | Noticia 13/20 | Tiempo: 0.98 segundos
2026-09-09 21:46:20 | INFO | Procesando 14/20: https://larazon.bo/sociedad/2026/09/09/mision-internacional-evalua-en-bolivia-el-control-del-sarampion/
2026-09-09 21:46:21 | INFO | NOTICIA GUARDADA: https://larazon.bo/sociedad/2026/09/09/mision-internacional-evalua-en-bolivia-el-control-del-sarampion/
2026-09-09 21:46:21 | INFO | Procesamiento completado | Noticia 14/20 | Tiempo: 0.87 segundos
2026-09-09 21:46:21 | INFO | Procesando 15/20: https://larazon.bo/economia-y-empresa/2026/09/09/alivio-tributario-alcanza-a-252-780-contribuyentes-y-condona-unos-bs-4-000-mm/
2026-09-09 21:46:21 | INFO | NOTICIA GUARDADA: https://larazon.bo/economia-y-empresa/2026/09/09/alivio-tributario-alcanza-a-252-780-contribuyentes-y-condona-unos-bs-4-000-mm/
2026-09-09 21:46:21 | INFO | Procesamiento completado | Noticia 15/20 | Tiempo: 0.83 segundos
2026-09-09 21:46:21 | INFO | Procesando 16/20: https://larazon.bo/economia-y-empresa/2026/09/09/gobierno-instala-mesa-tecnica-para-redaccion-del-nuevo-codigo-minero/
2026-09-09 21:46:22 | INFO | NOTICIA GUARDADA: https://larazon.bo/economia-y-empresa/2026/09/09/gobierno-instala-mesa-tecnica-para-redaccion-del-nuevo-codigo-minero/
2026-09-09 21:46:22 | INFO | Procesamiento completado | Noticia 16/20 | Tiempo: 0.86 segundos
2026-09-09 21:46:22 | INFO | Procesando 17/20: https://larazon.bo/ciudades/2026/09/09/tramites-gobernacion-crucena-elimina-pagos-en-efectivo/
2026-09-09 21:46:23 | INFO | NOTICIA GUARDADA: https://larazon.bo/ciudades/2026/09/09/tramites-gobernacion-crucena-elimina-pagos-en-efectivo/
2026-09-09 21:46:23 | INFO | Procesamiento completado | Noticia 17/20 | Tiempo: 0.83 segundos
2026-09-09 21:46:23 | INFO | Procesando 18/20: https://larazon.bo/economia-y-empresa/2026/09/09/caneb-aclara-alcance-del-reajuste-portuario-de-216-en-arica/
2026-09-09 21:46:24 | INFO | NOTICIA GUARDADA: https://larazon.bo/economia-y-empresa/2026/09/09/caneb-aclara-alcance-del-reajuste-portuario-de-216-en-arica/
2026-09-09 21:46:24 | INFO | Procesamiento completado | Noticia 18/20 | Tiempo: 0.87 segundos
2026-09-09 21:46:24 | INFO | Procesando 19/20: https://larazon.bo/ciudades/2026/09/09/explosion-en-viacha-idif-toma-pruebas-a-restos-para-identificar-a-victimas/
2026-09-09 21:46:25 | INFO | NOTICIA GUARDADA: https://larazon.bo/ciudades/2026/09/09/explosion-en-viacha-idif-toma-pruebas-a-restos-para-identificar-a-victimas/
2026-09-09 21:46:25 | INFO | Procesamiento completado | Noticia 19/20 | Tiempo: 0.88 segundos
2026-09-09 21:46:25 | INFO | Procesando 20/20: https://larazon.bo/economia-y-empresa/2026/09/09/hidrocarburos-anuncia-seleccion-por-meritocracia-para-reorganizar-ypfb/
2026-09-09 21:46:26 | INFO | NOTICIA GUARDADA: https://larazon.bo/economia-y-empresa/2026/09/09/hidrocarburos-anuncia-seleccion-por-meritocracia-para-reorganizar-ypfb/
2026-09-09 21:46:26 | INFO | Procesamiento completado | Noticia 20/20 | Tiempo: 0.85 segundos
2026-09-09 21:46:26 | INFO | Noticias nuevas: 20
2026-09-09 21:46:26 | INFO | Errores: 0
2026-09-09 21:46:26 | INFO | Total en JSON: 40
2026-09-09 21:46:26 | INFO | Límite máximo: 100
2026-09-09 21:46:26 | INFO | Archivo: data/larazon/noticias.json
2026-09-09 21:46:26 | INFO | EJECUCION COMPLETADA | Duracion: 34.63 segundos
2026-09-09 21:46:26 | INFO | ============================================================
2026-09-10 00:36:38 | INFO | ============================================================
2026-09-10 00:36:38 | INFO | INICIO DE EJECUCION
2026-09-10 00:36:38 | INFO | ============================================================
2026-09-10 00:36:58 | INFO | Noticias encontradas: 20
2026-09-10 00:36:58 | INFO | Noticias ya existentes: 18
2026-09-10 00:36:58 | INFO | Noticias nuevas: 2
2026-09-10 00:36:58 | INFO | Procesando 1/2: https://larazon.bo/economia-y-empresa/2026/09/10/licitacion-del-zinc-empresa-demandante-comercializaba-granos-hasta-hace-un-ano/
2026-09-10 00:36:59 | INFO | NOTICIA GUARDADA: https://larazon.bo/economia-y-empresa/2026/09/10/licitacion-del-zinc-empresa-demandante-comercializaba-granos-hasta-hace-un-ano/
2026-09-10 00:36:59 | INFO | Procesamiento completado | Noticia 1/2 | Tiempo: 0.93 segundos
2026-09-10 00:36:59 | INFO | Procesando 2/2: https://larazon.bo/economia-y-empresa/2026/09/09/cabotur-advierte-que-la-incertidumbre-frena-recuperacion-del-turismo/
2026-09-10 00:37:00 | INFO | NOTICIA GUARDADA: https://larazon.bo/economia-y-empresa/2026/09/09/cabotur-advierte-que-la-incertidumbre-frena-recuperacion-del-turismo/
2026-09-10 00:37:00 | INFO | Procesamiento completado | Noticia 2/2 | Tiempo: 0.95 segundos
2026-09-10 00:37:00 | INFO | Noticias nuevas: 2
2026-09-10 00:37:00 | INFO | Errores: 0
2026-09-10 00:37:00 | INFO | Total en JSON: 42
2026-09-10 00:37:00 | INFO | Límite máximo: 100
2026-09-10 00:37:00 | INFO | Archivo: data/larazon/noticias.json
2026-09-10 00:37:00 | INFO | EJECUCION COMPLETADA | Duracion: 21.80 segundos
2026-09-10 00:37:00 | INFO | ============================================================
2026-09-10 00:43:42 | INFO | ============================================================
2026-09-10 00:43:42 | INFO | INICIO DE EJECUCION
2026-09-10 00:43:42 | INFO | ============================================================
2026-09-10 00:43:58 | INFO | Noticias encontradas: 20
2026-09-10 00:43:58 | INFO | Noticias ya existentes: 20
2026-09-10 00:43:58 | INFO | Noticias nuevas: 0
2026-09-10 00:43:58 | INFO | Noticias nuevas: 0
2026-09-10 00:43:58 | INFO | Errores: 0
2026-09-10 00:43:58 | INFO | Total en JSON: 42
2026-09-10 00:43:58 | INFO | Límite máximo: 100
2026-09-10 00:43:58 | INFO | Archivo: data/larazon/noticias.json
2026-09-10 00:43:58 | INFO | EJECUCION COMPLETADA | Duracion: 16.63 segundos
2026-09-10 00:43:58 | INFO | ============================================================
2026-09-11 00:16:52 | INFO | ============================================================
2026-09-11 00:16:52 | INFO | INICIO DE EJECUCION
2026-09-11 00:16:52 | INFO | ============================================================
2026-09-11 00:17:09 | INFO | Noticias encontradas: 20
2026-09-11 00:17:09 | INFO | Noticias ya existentes: 0
2026-09-11 00:17:09 | INFO | Noticias nuevas: 20
2026-09-11 00:17:09 | INFO | Procesando 1/20: https://larazon.bo/voces/2026/09/11/la-cumbre-iberoamericana-el-rey-y-ceuta/
2026-09-11 00:17:10 | INFO | NOTICIA GUARDADA: https://larazon.bo/voces/2026/09/11/la-cumbre-iberoamericana-el-rey-y-ceuta/
2026-09-11 00:17:10 | INFO | Procesamiento completado | Noticia 1/20 | Tiempo: 1.09 segundos
2026-09-11 00:17:10 | INFO | Procesando 2/20: https://larazon.bo/voces/2026/09/11/otra-vez-el-centralismo/
2026-09-11 00:17:11 | INFO | NOTICIA GUARDADA: https://larazon.bo/voces/2026/09/11/otra-vez-el-centralismo/
2026-09-11 00:17:11 | INFO | Procesamiento completado | Noticia 2/20 | Tiempo: 0.87 segundos
2026-09-11 00:17:11 | INFO | Procesando 3/20: https://larazon.bo/opinion/columnistas/2026/09/10/yo-soy-la-autoridad/
2026-09-11 00:17:12 | INFO | NOTICIA GUARDADA: https://larazon.bo/opinion/columnistas/2026/09/10/yo-soy-la-autoridad/
2026-09-11 00:17:12 | INFO | Procesamiento completado | Noticia 3/20 | Tiempo: 1.01 segundos
2026-09-11 00:17:12 | INFO | Procesando 4/20: https://larazon.bo/nacional/2026/09/10/del-granado-alerta-de-riesgo-de-nulidad-en-reforma-de-la-cpe/
2026-09-11 00:17:13 | INFO | NOTICIA GUARDADA: https://larazon.bo/nacional/2026/09/10/del-granado-alerta-de-riesgo-de-nulidad-en-reforma-de-la-cpe/
2026-09-11 00:17:13 | INFO | Procesamiento completado | Noticia 4/20 | Tiempo: 0.84 segundos
2026-09-11 00:17:13 | INFO | Procesando 5/20: https://larazon.bo/marcas/2026/09/10/bolivar-iguala-1-1-ante-inde-always-pierde-en-tarija/
2026-09-11 00:17:14 | INFO | NOTICIA GUARDADA: https://larazon.bo/marcas/2026/09/10/bolivar-iguala-1-1-ante-inde-always-pierde-en-tarija/
2026-09-11 00:17:14 | INFO | Procesamiento completado | Noticia 5/20 | Tiempo: 0.95 segundos
2026-09-11 00:17:14 | INFO | Procesando 6/20: https://larazon.bo/nacional/2026/09/10/comision-aprueba-proyecto-de-ampliacion-del-estado-de-excepcion-por-90-dias/
2026-09-11 00:17:15 | INFO | NOTICIA GUARDADA: https://larazon.bo/nacional/2026/09/10/comision-aprueba-proyecto-de-ampliacion-del-estado-de-excepcion-por-90-dias/
2026-09-11 00:17:15 | INFO | Procesamiento completado | Noticia 6/20 | Tiempo: 0.85 segundos
2026-09-11 00:17:15 | INFO | Procesando 7/20: https://larazon.bo/nacional/2026/09/10/bolivia-y-eeuu-acuerdan-fortalecer-la-relacion-bilateral/
2026-09-11 00:17:15 | INFO | NOTICIA GUARDADA: https://larazon.bo/nacional/2026/09/10/bolivia-y-eeuu-acuerdan-fortalecer-la-relacion-bilateral/
2026-09-11 00:17:15 | INFO | Procesamiento completado | Noticia 7/20 | Tiempo: 0.85 segundos
2026-09-11 00:17:15 | INFO | Procesando 8/20: https://larazon.bo/nacional/2026/09/10/andronico-rechaza-acusaciones-de-evo-y-le-pide-pruebas/
2026-09-11 00:17:16 | INFO | NOTICIA GUARDADA: https://larazon.bo/nacional/2026/09/10/andronico-rechaza-acusaciones-de-evo-y-le-pide-pruebas/
2026-09-11 00:17:16 | INFO | Procesamiento completado | Noticia 8/20 | Tiempo: 0.86 segundos
2026-09-11 00:17:16 | INFO | Procesando 9/20: https://larazon.bo/sociedad/2026/09/10/diputados-aprueban-resolucion-para-acelerar-leyes-en-favor-de-las-victimas-de-viacha/
2026-09-11 00:17:17 | INFO | NOTICIA GUARDADA: https://larazon.bo/sociedad/2026/09/10/diputados-aprueban-resolucion-para-acelerar-leyes-en-favor-de-las-victimas-de-viacha/
2026-09-11 00:17:17 | INFO | Procesamiento completado | Noticia 9/20 | Tiempo: 0.91 segundos
2026-09-11 00:17:17 | INFO | Procesando 10/20: https://larazon.bo/mundo/2026/09/10/guerra-en-oriente-medio-mantiene-el-petroleo-sobre-us-100/
2026-09-11 00:17:18 | INFO | NOTICIA GUARDADA: https://larazon.bo/mundo/2026/09/10/guerra-en-oriente-medio-mantiene-el-petroleo-sobre-us-100/
2026-09-11 00:17:18 | INFO | Procesamiento completado | Noticia 10/20 | Tiempo: 0.87 segundos
2026-09-11 00:17:18 | INFO | Procesando 11/20: https://larazon.bo/nacional/2026/09/10/luis-arce-amplia-su-declaracion-y-pedira-salir-de-prision-preventiva/
2026-09-11 00:17:19 | INFO | NOTICIA GUARDADA: https://larazon.bo/nacional/2026/09/10/luis-arce-amplia-su-declaracion-y-pedira-salir-de-prision-preventiva/
2026-09-11 00:17:19 | INFO | Procesamiento completado | Noticia 11/20 | Tiempo: 0.89 segundos
2026-09-11 00:17:19 | INFO | Procesando 12/20: https://larazon.bo/sociedad/2026/09/10/la-alcaldia-de-la-paz-inaugura-la-casa-de-la-mujer-en-mallasa/
2026-09-11 00:17:20 | INFO | NOTICIA GUARDADA: https://larazon.bo/sociedad/2026/09/10/la-alcaldia-de-la-paz-inaugura-la-casa-de-la-mujer-en-mallasa/
2026-09-11 00:17:20 | INFO | Procesamiento completado | Noticia 12/20 | Tiempo: 0.84 segundos
2026-09-11 00:17:20 | INFO | Procesando 13/20: https://larazon.bo/nacional/2026/09/10/quiroga-acusa-a-evo-morales-de-rechazar-la-justicia-boliviana/
2026-09-11 00:17:21 | INFO | NOTICIA GUARDADA: https://larazon.bo/nacional/2026/09/10/quiroga-acusa-a-evo-morales-de-rechazar-la-justicia-boliviana/
2026-09-11 00:17:21 | INFO | Procesamiento completado | Noticia 13/20 | Tiempo: 1.00 segundos
2026-09-11 00:17:21 | INFO | Procesando 14/20: https://larazon.bo/sociedad/2026/09/10/eeuu-destina-al-pais-us-25-millones-para-combatir-la-trata-de-personas/
2026-09-11 00:17:22 | INFO | NOTICIA GUARDADA: https://larazon.bo/sociedad/2026/09/10/eeuu-destina-al-pais-us-25-millones-para-combatir-la-trata-de-personas/
2026-09-11 00:17:22 | INFO | Procesamiento completado | Noticia 14/20 | Tiempo: 0.84 segundos
2026-09-11 00:17:22 | INFO | Procesando 15/20: https://larazon.bo/economia-y-empresa/2026/09/10/cainco-respalda-puerto-busch-y-pide-nueva-salida-al-atlantico/
2026-09-11 00:17:23 | INFO | NOTICIA GUARDADA: https://larazon.bo/economia-y-empresa/2026/09/10/cainco-respalda-puerto-busch-y-pide-nueva-salida-al-atlantico/
2026-09-11 00:17:23 | INFO | Procesamiento completado | Noticia 15/20 | Tiempo: 0.84 segundos
2026-09-11 00:17:23 | INFO | Procesando 16/20: https://larazon.bo/economia-y-empresa/2026/09/10/can-y-oaci-sellan-alianza-para-integrar-espacio-aereo-andino/
2026-09-11 00:17:23 | INFO | NOTICIA GUARDADA: https://larazon.bo/economia-y-empresa/2026/09/10/can-y-oaci-sellan-alianza-para-integrar-espacio-aereo-andino/
2026-09-11 00:17:23 | INFO | Procesamiento completado | Noticia 16/20 | Tiempo: 0.88 segundos
2026-09-11 00:17:23 | INFO | Procesando 17/20: https://larazon.bo/nacional/2026/09/10/paz-busca-acuerdo-politico-con-quiroga-y-doria-medina-en-cuatro-temas/
2026-09-11 00:17:24 | INFO | NOTICIA GUARDADA: https://larazon.bo/nacional/2026/09/10/paz-busca-acuerdo-politico-con-quiroga-y-doria-medina-en-cuatro-temas/
2026-09-11 00:17:24 | INFO | Procesamiento completado | Noticia 17/20 | Tiempo: 0.86 segundos
2026-09-11 00:17:24 | INFO | Procesando 18/20: https://larazon.bo/economia-y-empresa/2026/09/10/asoban-propone-mayor-flexibilidad-financiera-y-tasas-de-interes-libres/
2026-09-11 00:17:25 | INFO | NOTICIA GUARDADA: https://larazon.bo/economia-y-empresa/2026/09/10/asoban-propone-mayor-flexibilidad-financiera-y-tasas-de-interes-libres/
2026-09-11 00:17:25 | INFO | Procesamiento completado | Noticia 18/20 | Tiempo: 0.89 segundos
2026-09-11 00:17:25 | INFO | Procesando 19/20: https://larazon.bo/nacional/2026/09/10/quiroga-cuestiona-ampliar-el-estado-de-excepcion-y-pide-reforma-de-la-cpe/
2026-09-11 00:17:26 | INFO | NOTICIA GUARDADA: https://larazon.bo/nacional/2026/09/10/quiroga-cuestiona-ampliar-el-estado-de-excepcion-y-pide-reforma-de-la-cpe/
2026-09-11 00:17:26 | INFO | Procesamiento completado | Noticia 19/20 | Tiempo: 0.87 segundos
2026-09-11 00:17:26 | INFO | Procesando 20/20: https://larazon.bo/sociedad/2026/09/10/denuncian-el-biocidio-y-tortura-a-un-perro-comunitario-en-la-paz/
2026-09-11 00:17:27 | INFO | NOTICIA GUARDADA: https://larazon.bo/sociedad/2026/09/10/denuncian-el-biocidio-y-tortura-a-un-perro-comunitario-en-la-paz/
2026-09-11 00:17:27 | INFO | Procesamiento completado | Noticia 20/20 | Tiempo: 0.85 segundos
2026-09-11 00:17:27 | INFO | Noticias nuevas: 20
2026-09-11 00:17:27 | INFO | Errores: 0
2026-09-11 00:17:27 | INFO | Total en JSON: 62
2026-09-11 00:17:27 | INFO | Límite máximo: 100
2026-09-11 00:17:27 | INFO | Archivo: data/larazon/noticias.json
2026-09-11 00:17:27 | INFO | EJECUCION COMPLETADA | Duracion: 34.76 segundos
2026-09-11 00:17:27 | INFO | ============================================================
